[     225ms] [WARNING] You are using the ngTouch module. 
AngularJS Material already has mobile click, tap, and swipe support... 
ngTouch is not supported with AngularJS Material! @ https://www.mos.ru/front/markup/pages/js/app.min.js?1781852756886:6
[     306ms] [WARNING] document.domain mutation is ignored because the surrounding agent cluster is origin-keyed. @ https://www.mos.ru/front/markup/header-footer/js/main.js:0
[     384ms] [ERROR] Failed to load resource: the server responded with a status of 403 () @ https://sentry.mos.ru/api/7/envelope/?sentry_version=7&sentry_key=b0c0826394464b7ca446384ceb8af2bf&sentry_client=sentry.javascript.react%2F8.55.0:0
[     400ms] [LOG] CS Counter v1.0.28 loaded... @ https://www.mos.ru/front/markup/header-footer/js/main.js:0
[    1789ms] [LOG] v2.1.21 @ https://www.mos.ru/front/markup/header-footer/js/main.js:0
[    1851ms] [LOG] (window as any).CIT_CONFIG?.showMicro ||  {channelId: Direct, chatDomain: https://chat.mos.ru, chatDomainUna: https://una.mos.ru, chatDomainStorageFiles: https://chat.mos.ru, sudirTimeout: 1000} @ https://www.mos.ru/front/markup/header-footer/js/main.js:0
[    1856ms] [LOG] [Onboarding][registerAnchor] OperatorStatusHint {tag: CIT-HEADER-TITLE, viewportRect: Object} @ https://www.mos.ru/front/markup/header-footer/js/main.js:0
[    1862ms] [LOG] [CIT_SCROLL] pinToBottomInstant @ https://www.mos.ru/front/markup/header-footer/js/main.js:0
[    1863ms] [LOG] [CIT_SCROLL] bind: guard start, forceScrollToBottom=true @ https://www.mos.ru/front/markup/header-footer/js/main.js:0
[    1877ms] [LOG] [CIT_SCROLL] ResizeObserver: clientH=0, aligned=true, force=true @ https://www.mos.ru/front/markup/header-footer/js/main.js:0
[    1922ms] [ERROR] Invalid 'X-Frame-Options' header encountered when loading 'https://tr.mos.ru/': 'https://www.mos.ru/' is not a recognized directive. The header will be ignored. @ https://tr.mos.ru/widget-gin/:0
[    2353ms] [INFO] Download the Vue Devtools extension for a better development experience:
https://github.com/vuejs/vue-devtools @ https://tr.mos.ru/widget-gin/vendor.613aa214.js:0
[    2354ms] [INFO] You are running Vue in development mode.
Make sure to turn on production mode when deploying for production.
See more tips at https://vuejs.org/guide/deployment.html @ https://tr.mos.ru/widget-gin/vendor.613aa214.js:0
[    2358ms] [ERROR] Loading the script 'https://mc.yandex.ru/metrika/watch.js' violates the following Content Security Policy directive: "script-src-elem 'unsafe-inline' 'self' https://doc-upload2.mos.ru https://audit.idit.mos.ru https://maps.google.com https://gc.kis.v2.scr.kaspersky-labs.com wss://gc.kis.v2.scr.kaspersky-labs.com". The action has been blocked. @ https://tr.mos.ru/widget-gin/:36
[    2486ms] [ERROR] Failed to load resource: the server responded with a status of 403 () @ https://tr.mos.ru/csp/report:0
[    4865ms] [LOG] [CIT_SCROLL] guard: timer fallback (3000ms) @ https://www.mos.ru/front/markup/header-footer/js/main.js:0
